// Jest Snapshot v1, https://goo.gl/fbAQLP

exports[`PostsList has a valid snapshot 1`] = `
<ul
  className="posts-list"
>
  <li
    className="posts"
  >
    <span
      className="title"
      style={
        Object {
          "width": "30%",
        }
      }
    >
      <button
        className="button-sort button-active"
        onClick={[Function]}
      >
        t
      </button>
      <a
        href={undefined}
        target="_blank"
      >
        1
         
      </a>
    </span>
    <span
      style={
        Object {
          "width": "15%",
        }
      }
    >
      <button
        className="button-sort  "
        onClick={[Function]}
      >
        a
      </button>
      <a
        href="1"
        target="_blank"
      >
        1
         
      </a>
    </span>
    <span
      style={
        Object {
          "width": "10%",
        }
      }
    >
      <button
        className="button-sort  "
        onClick={[Function]}
      >
        comments
      </button>
      <span>
        1
         
      </span>
    </span>
    <span
      style={
        Object {
          "width": "10%",
        }
      }
    >
      <button
        className="button-sort  "
        onClick={[Function]}
      >
        points
      </button>
      <span>
        2
         
      </span>
    </span>
    <div
      style={
        Object {
          "width": "30%",
        }
      }
    >
      <button
        className="button-cancel"
        onClick={[Function]}
      >
        Dismiss
      </button>
      <button
        className="button"
        onClick={[Function]}
      >
        Archive
      </button>
    </div>
  </li>
  <li
    className="posts"
  >
    <span
      className="title"
      style={
        Object {
          "width": "30%",
        }
      }
    >
      <button
        className="button-sort button-active"
        onClick={[Function]}
      >
        t
      </button>
      <a
        href={undefined}
        target="_blank"
      >
        2
         
      </a>
    </span>
    <span
      style={
        Object {
          "width": "15%",
        }
      }
    >
      <button
        className="button-sort  "
        onClick={[Function]}
      >
        a
      </button>
      <a
        href="2"
        target="_blank"
      >
        2
         
      </a>
    </span>
    <span
      style={
        Object {
          "width": "10%",
        }
      }
    >
      <button
        className="button-sort  "
        onClick={[Function]}
      >
        comments
      </button>
      <span>
        2
         
      </span>
    </span>
    <span
      style={
        Object {
          "width": "10%",
        }
      }
    >
      <button
        className="button-sort  "
        onClick={[Function]}
      >
        points
      </button>
      <span>
        3
         
      </span>
    </span>
    <div
      style={
        Object {
          "width": "30%",
        }
      }
    >
      <button
        className="button-cancel"
        onClick={[Function]}
      >
        Dismiss
      </button>
      <button
        className="button"
        onClick={[Function]}
      >
        Archive
      </button>
    </div>
  </li>
</ul>
`;
